// Jest Snapshot v1, https://goo.gl/fbAQLP

exports[`Shallow Snapshot Tests basic 1`] = `
<ForwardRef(Snackbar)
  autoHideDuration={6000}
  onClose={[Function]}
  open={false}
>
  <ForwardRef(Alert)
    onClose={[Function]}
    severity="success"
    sx={
      Object {
        "width": "100%",
      }
    }
    variant="filled"
  >
    <ForwardRef(Typography)
      fontSize="inherit"
    />
    <NonStyleLink
      to="/articles/1"
    >
      <ForwardRef(Typography)
        fontSize="inherit"
        sx={
          Object {
            "textDecoration": "underline",
          }
        }
      >
        投稿内容を確認する
      </ForwardRef(Typography)>
    </NonStyleLink>
  </ForwardRef(Alert)>
</ForwardRef(Snackbar)>
`;
