// Jest Snapshot v1, https://goo.gl/fbAQLP

exports[`Shallow Snapshot Tests basic 1`] = `
<input
  className="textbox"
  value=""
/>
`;

exports[`Shallow Snapshot Tests with props 1`] = `
<input
  aria-label="label"
  className="textbox"
  disabled={false}
  onChange={[MockFunction]}
  value="text"
/>
`;
