// Jest Snapshot v1, https://goo.gl/fbAQLP

exports[`Shallow Snapshot Tests basic 1`] = `
<ForwardRef(Typography)
  align="center"
  component="div"
  sx={
    Object {
      "mt": 3,
    }
  }
>
  <ForwardRef(Typography)
    component="h1"
  >
    エラーが発生しました。
  </ForwardRef(Typography)>
  <ForwardRef(Typography)>
    しばらく時間を空けてからもう一度お試しください。
  </ForwardRef(Typography)>
  <Link
    to="/"
  >
    トップへ戻る
  </Link>
</ForwardRef(Typography)>
`;
