// Jest Snapshot v1, https://goo.gl/fbAQLP

exports[`Shallow Snapshot Tests basic 1`] = `
<GlobalMenu
  topBarPosition="static"
>
  xxx
</GlobalMenu>
`;

exports[`Shallow Snapshot Tests redirect 1`] = `
<Navigate
  to="/special-maps/edit/1"
/>
`;
