// Jest Snapshot v1, https://goo.gl/fbAQLP

exports[`Shallow Snapshot Tests basic 1`] = `
<Fragment>
  <ForwardRef(Typography)
    component="h2"
    variant="h6"
  >
    title
  </ForwardRef(Typography)>
  <ForwardRef(Typography)
    sx={
      Object {
        "mt": 2,
      }
    }
  >
    content
  </ForwardRef(Typography)>
</Fragment>
`;
